g_declare_globals C.0.0, 0, C.0.1, 1, C.0.2, 2, C.0.3, 3, C.1.1, 1, C.1.2, 2, B.lt, 2, B.ord, 1, B.chr, 1, B.seq, 2, B.putc, 1, B.getc, 1, functorIO, 0, monadIO, 0, putChar, 0, getChar, 0, read, 1, main, 0, foldableList.foldr.L1, 3, semi.L1, 2, semi.L2, 3, traverse_.L1, 3, functorIO.map.L1, 3, functorIO.map.L2, 2, monadIO.pure.L2, 1, monadIO.bind.L1, 3, monadIO.bind.L2, 2, io.L1, 3, io.L2, 2, putChar.L1, 1, getChar.L1, 1, read.L1, 2
g_declare_main main

g_globstart C.0.0, 0
g_updcons 0, 0, 1
g_return

g_globstart C.0.1, 1
g_updcons 0, 1, 1
g_return

g_globstart C.0.2, 2
g_updcons 0, 2, 1
g_return

g_globstart C.0.3, 3
g_updcons 0, 3, 1
g_return

g_globstart C.1.1, 1
g_updcons 1, 1, 1
g_return

g_globstart C.1.2, 2
g_updcons 1, 2, 1
g_return

g_globstart B.lt, 2
g_push 1
g_eval
g_push 1
g_eval
g_les
g_update 3
g_pop 2
g_return

g_globstart B.ord, 1
g_eval
g_ord
g_update 1
g_return

g_globstart B.chr, 1
g_eval
g_chr
g_update 1
g_return

g_globstart B.seq, 2
g_eval
g_pop 1
g_update 1
g_unwind

g_globstart B.putc, 1
g_eval
g_putc
g_updcons 0, 0, 1
g_return

g_globstart B.getc, 1
g_pop 1
g_getc
g_update 1
g_return

g_globstart functorIO, 0
g_pushglobal functorIO.map.L2
g_updcons 0, 1, 1
g_return

g_globstart monadIO, 0
g_pushglobal monadIO.bind.L2
g_pushglobal monadIO.pure.L2
g_pushglobal functorIO
g_updcons 0, 3, 1
g_return

g_globstart putChar, 0
g_pushglobal putChar.L1
g_pushglobal io.L2
g_updap 1, 1
g_unwind

g_globstart getChar, 0
g_pushglobal C.0.0
g_pushglobal getChar.L1
g_pushglobal io.L1
g_updap 2, 1
g_unwind

g_globstart read, 1
g_push 0
g_pushglobal read.L1
g_mkap 1
g_push 0
g_pushglobal getChar
g_pushglobal monadIO.bind.L1
g_updap 2, 3
g_pop 2
g_unwind

g_globstart main, 0
g_pushglobal C.0.0
g_pushglobal read
g_mkap 1
g_pushglobal C.0.0
g_pushglobal C.0.2
g_mkap 1
g_pushglobal putChar
g_pushglobal monadIO
g_pushglobal traverse_.L1
g_mkap 2
g_pushglobal foldableList.foldr.L1
g_mkap 2
g_push 0
g_push 2
g_pushglobal monadIO.bind.L1
g_updap 2, 3
g_pop 2
g_unwind

g_globstart foldableList.foldr.L1, 3
g_push 2
g_eval
g_jumpcase .0, .1
g_label .0
g_pop 2
g_update 2
g_pop 1
g_unwind
g_label .1
g_uncons 2
g_push 1
g_push 4
g_push 4
g_pushglobal foldableList.foldr.L1
g_mkap 3
g_push 1
g_push 4
g_updap 2, 6
g_pop 5
g_unwind
g_label .2

g_globstart semi.L1, 2
g_update 2
g_pop 1
g_unwind

g_globstart semi.L2, 3
g_push 2
g_pushglobal semi.L1
g_mkap 1
g_push 2
g_push 2
g_eval
g_proj 2
g_push 0
g_slide 1
g_updap 2, 4
g_pop 3
g_unwind

g_globstart traverse_.L1, 3
g_push 2
g_push 2
g_mkap 1
g_push 1
g_pushglobal semi.L2
g_updap 2, 4
g_pop 3
g_unwind

g_globstart functorIO.map.L1, 3
g_push 2
g_push 2
g_mkap 1
g_eval
g_uncons 2
g_push 1
g_push 1
g_push 4
g_mkap 1
g_updcons 0, 2, 6
g_pop 5
g_return

g_globstart functorIO.map.L2, 2
g_push 1
g_push 1
g_pushglobal functorIO.map.L1
g_updap 2, 3
g_pop 2
g_unwind

g_globstart monadIO.pure.L2, 1
g_push 0
g_pushglobal C.0.2
g_updap 1, 2
g_pop 1
g_unwind

g_globstart monadIO.bind.L1, 3
g_push 2
g_push 1
g_mkap 1
g_eval
g_uncons 2
g_push 1
g_push 1
g_push 5
g_updap 2, 6
g_pop 5
g_unwind

g_globstart monadIO.bind.L2, 2
g_push 1
g_push 1
g_pushglobal monadIO.bind.L1
g_updap 2, 3
g_pop 2
g_unwind

g_globstart io.L1, 3
g_push 1
g_push 1
g_mkap 1
g_push 3
g_push 1
g_cons 0, 2
g_push 1
g_pushglobal B.seq
g_updap 2, 5
g_pop 4
g_unwind

g_globstart io.L2, 2
g_push 1
g_push 1
g_pushglobal io.L1
g_updap 2, 3
g_pop 2
g_unwind

g_globstart putChar.L1, 1
g_push 0
g_pushglobal B.ord
g_mkap 1
g_pushglobal B.putc
g_updap 1, 2
g_pop 1
g_unwind

g_globstart getChar.L1, 1
g_push 0
g_pushglobal B.getc
g_mkap 1
g_pushint 0
g_push 1
g_eval
g_les
g_jumpcase .0, .1
g_label .0
g_pop 1
g_push 0
g_pushglobal B.chr
g_mkap 1
g_updcons 1, 1, 3
g_pop 2
g_return
g_jump .2
g_label .1
g_pop 1
g_pushglobal C.0.0
g_update 3
g_pop 2
g_unwind
g_label .2

g_globstart read.L1, 2
g_push 1
g_eval
g_jumpcase .0, .1
g_label .0
g_pop 1
g_push 0
g_pushglobal C.0.2
g_updap 1, 3
g_pop 2
g_unwind
g_label .1
g_proj 0
g_push 1
g_push 1
g_cons 1, 2
g_pushglobal read
g_updap 1, 4
g_pop 3
g_unwind
g_label .2
