data Unit =
       | Unit
data Bool =
       | False
       | True
data Pair a b =
       | Pair a b
data Option a =
       | None
       | Some a
data Choice a b =
       | First a
       | Second b
data Eq a =
       | .Eq (a -> a -> Bool)
data Ord a =
       | .Ord (Eq a) (a -> a -> Bool) (a -> a -> Bool) (a -> a -> Bool) (a -> a -> Bool)
data Monoid m =
       | .Monoid m (m -> m -> m)
data Ring a =
       | .Ring (a -> a) (a -> a -> a) (a -> a -> a) (a -> a -> a)
data Char
data Functor f =
       | .Functor (forall a b. (a -> b) -> f a -> f b)
data Foldable t =
       | .Foldable (forall a b. (a -> b -> b) -> b -> t a -> b) (forall a b. (b -> a -> b) -> b -> t a -> b)
data List a =
       | Nil
       | Cons a (List a)
data Monad m =
       | .Monad (Functor m) (forall a. a -> m a) (forall a b. m a -> (a -> m b) -> m b)
data World
data IO a = World -> Pair a World
external lt_int :: Int -> Int -> Bool = "lt"
external le_int :: Int -> Int -> Bool = "le"
external sub_int :: Int -> Int -> Int = "sub"
external seq :: forall a b. a -> b -> b = "seq"
external puti :: Int -> Unit = "puti"
external geti :: Unit -> Int = "geti"
functorIO :: Functor IO = .Functor @IO functorIO.map.L2
monadIO :: Monad IO =
  .Monad @IO functorIO monadIO.pure.L2 monadIO.bind.L2
print :: Int -> IO Unit = io.L2 @Int @Unit puti
input :: IO Int = coerce @(_ -> IO) (io.L1 @Unit @Int geti Unit)
qsort :: List Int -> List Int =
  \(xs :: List Int) ->
    case xs of
    | Nil -> Nil @Int
    | Cons x xs ->
      case partition.L1 @Int (qsort.L1 x) xs of
      | Pair ys zs ->
        let dict :: Monoid (List Int) =
              .Monoid
                @(List Int) (monoidList.empty @Int) (monoidList.append.L1 @Int)
        in
        (case dict of
         | .Monoid _ append -> append)
          (qsort ys) (Cons @Int x (qsort zs))
main :: IO Unit =
  coerce @(_ -> IO) (monadIO.bind.L1 @Int @Unit input main.L2)
monoidList.empty :: forall a. List a = Nil
monoidList.append.L1 :: forall a. List a -> List a -> List a =
  \@a (xs :: List a) (ys :: List a) ->
    foldableList.foldr.L1 @a @(List a) (Cons @a) ys xs
foldableList.foldr.L1 :: forall a b. (a -> b -> b) -> b -> List a -> b =
  \@a @b (f :: a -> b -> b) (y0 :: b) (xs :: List a) ->
    case xs of
    | Nil -> y0
    | Cons x xs -> f x (foldableList.foldr.L1 @a @b f y0 xs)
replicate.L1 :: forall a. Int -> a -> List a =
  \@a (n :: Int) (x :: a) ->
    case le_int n 0 of
    | False -> Cons @a x (replicate.L1 @a (sub_int n 1) x)
    | True -> Nil @a
partition.L1 :: forall a. (a -> Bool) -> List a -> Pair (List a) (List a) =
  \@a (p :: a -> Bool) (xs :: List a) ->
    case xs of
    | Nil -> Pair @(List a) @(List a) (Nil @a) (Nil @a)
    | Cons x xs ->
      case partition.L1 @a p xs of
      | Pair ys zs ->
        case p x of
        | False -> Pair @(List a) @(List a) ys (Cons @a x zs)
        | True -> Pair @(List a) @(List a) (Cons @a x ys) zs
semi.L1 :: forall a m. m a -> Unit -> m a =
  \@a @m (m2 :: m a) (x :: Unit) -> m2
semi.L2 :: forall a m. Monad m -> m Unit -> m a -> m a =
  \@a @m (monad.m :: Monad m) (m1 :: m Unit) (m2 :: m a) ->
    (case monad.m of
     | .Monad _ _ bind -> bind)
      @Unit @a m1 (semi.L1 @a @m m2)
sequence.L1 :: forall a m. Monad m -> a -> List a -> m (List a) =
  \@a @m (monad.m :: Monad m) (x :: a) (xs :: List a) ->
    (case monad.m of
     | .Monad _ pure _ -> pure)
      @(List a) (Cons @a x xs)
sequence.L2 :: forall a m. Monad m -> List (m a) -> a -> m (List a) =
  \@a @m (monad.m :: Monad m) (ms :: List (m a)) (x :: a) ->
    (case monad.m of
     | .Monad _ _ bind -> bind)
      @(List a)
      @(List a)
      (sequence.L3 @a @m monad.m ms)
      (sequence.L1 @a @m monad.m x)
sequence.L3 :: forall a m. Monad m -> List (m a) -> m (List a) =
  \@a @m (monad.m :: Monad m) (ms :: List (m a)) ->
    case ms of
    | Nil ->
      (case monad.m of
       | .Monad _ pure _ -> pure)
        @(List a) (Nil @a)
    | Cons m ms ->
      (case monad.m of
       | .Monad _ _ bind -> bind)
        @a @(List a) m (sequence.L2 @a @m monad.m ms)
traverse_.L1 :: forall a m. Monad m -> (a -> m Unit) -> a -> m Unit -> m Unit =
  \@a @m (monad.m :: Monad m) (f :: a -> m Unit) (x :: a) ->
    semi.L2 @Unit @m monad.m (f x)
functorIO.map.L1 :: forall a b. (a -> b) -> IO a -> World -> Pair b World =
  \@a @b (f :: a -> b) (mx :: IO a) (world0 :: World) ->
    case coerce @(IO -> _) mx world0 of
    | Pair x world1 -> Pair @b @World (f x) world1
functorIO.map.L2 :: forall a b. (a -> b) -> IO a -> IO b =
  \@a @b (f :: a -> b) (mx :: IO a) ->
    coerce @(_ -> IO) (functorIO.map.L1 @a @b f mx)
monadIO.pure.L2 :: forall a. a -> IO a =
  \@a (x :: a) -> coerce @(_ -> IO) (Pair @a @World x)
monadIO.bind.L1 :: forall a b. IO a -> (a -> IO b) -> World -> Pair b World =
  \@a @b (mx :: IO a) (f :: a -> IO b) (world0 :: World) ->
    case coerce @(IO -> _) mx world0 of
    | Pair x world1 -> coerce @(IO -> _) (f x) world1
monadIO.bind.L2 :: forall a b. IO a -> (a -> IO b) -> IO b =
  \@a @b (mx :: IO a) (f :: a -> IO b) ->
    coerce @(_ -> IO) (monadIO.bind.L1 @a @b mx f)
io.L1 :: forall a b. (a -> b) -> a -> World -> Pair b World =
  \@a @b (f :: a -> b) (x :: a) (world :: World) ->
    let y :: b = f x in
    seq @b @(Pair b World) y (Pair @b @World y world)
io.L2 :: forall a b. (a -> b) -> a -> IO b =
  \@a @b (f :: a -> b) (x :: a) ->
    coerce @(_ -> IO) (io.L1 @a @b f x)
qsort.L1 :: Int -> Int -> Bool =
  \(x :: Int) (y :: Int) -> lt_int y x
main.L1 :: List Int -> IO Unit =
  \(xs :: List Int) ->
    foldableList.foldr.L1
      @Int
      @(IO Unit)
      (traverse_.L1 @Int @IO monadIO print)
      (coerce @(_ -> IO) (Pair @Unit @World Unit))
      (qsort xs)
main.L2 :: Int -> IO Unit =
  \(n :: Int) ->
    let mx :: IO (List Int) =
          sequence.L3 @Int @IO monadIO (replicate.L1 @(IO Int) n input)
    in
    coerce @(_ -> IO) (monadIO.bind.L1 @(List Int) @Unit mx main.L1)
================================================================================
asm lt
asm le
asm sub
asm seq
asm puti
asm geti
let functorIO = Pack{0,1} @functorIO.map.L2
let monadIO =
  Pack{0,3} @functorIO @monadIO.pure.L2 @monadIO.bind.L2
let print = @io.L2 $puti
let input = @io.L1 $geti Pack{0,0}
let qsort xs =
  match xs[1] with
  | {0} -> Pack{0,0}
  | {1} x xs ->
    match @partition.L1 (@qsort.L1 x[2]) xs[1] with
    | {0} ys zs ->
      let dict = Pack{0,2} @monoidList.empty @monoidList.append.L1 in
      (match dict[1] with
       | {0} _ append ->
         append[1]) (@qsort ys[3]) (Pack{1,2} x[5] (@qsort zs[2]))
let main = @monadIO.bind.L1 @input @main.L2
let monoidList.empty = Pack{0,0}
let monoidList.append.L1 xs ys =
  @foldableList.foldr.L1 Pack{1,2} ys[1] xs[2]
let foldableList.foldr.L1 f y0 xs =
  match xs[1] with
  | {0} -> y0[2]
  | {1} x xs -> f[5] x[2] (@foldableList.foldr.L1 f[5] y0[4] xs[1])
let replicate.L1 n x =
  match $le n[2] 0 with
  | {0} -> Pack{1,2} x[1] (@replicate.L1 ($sub n[2] 1) x[1])
  | {1} -> Pack{0,0}
let partition.L1 p xs =
  match xs[1] with
  | {0} -> Pack{0,2} Pack{0,0} Pack{0,0}
  | {1} x xs ->
    match @partition.L1 p[4] xs[1] with
    | {0} ys zs ->
      match p[6] x[4] with
      | {0} -> Pack{0,2} ys[2] (Pack{1,2} x[4] zs[1])
      | {1} -> Pack{0,2} (Pack{1,2} x[4] ys[2]) zs[1]
let semi.L1 m2 x = m2[2]
let semi.L2 monad.m m1 m2 =
  (match monad.m[3] with
   | {0} _ _ bind -> bind[1]) m1[2] (@semi.L1 m2[1])
let sequence.L1 monad.m x xs =
  (match monad.m[3] with
   | {0} _ pure _ -> pure[2]) (Pack{1,2} x[2] xs[1])
let sequence.L2 monad.m ms x =
  (match monad.m[3] with
   | {0} _ _ bind ->
     bind[1]) (@sequence.L3 monad.m[3] ms[2]) (@sequence.L1 monad.m[3] x[1])
let sequence.L3 monad.m ms =
  match ms[1] with
  | {0} ->
    (match monad.m[2] with
     | {0} _ pure _ -> pure[2]) Pack{0,0}
  | {1} m ms ->
    (match monad.m[4] with
     | {0} _ _ bind -> bind[1]) m[2] (@sequence.L2 monad.m[4] ms[1])
let traverse_.L1 monad.m f x = @semi.L2 monad.m[3] (f[2] x[1])
let functorIO.map.L1 f mx world0 =
  match mx[2] world0[1] with
  | {0} x world1 -> Pack{0,2} (f[5] x[2]) world1[1]
let functorIO.map.L2 f mx = @functorIO.map.L1 f[2] mx[1]
let monadIO.pure.L2 x = Pack{0,2} x[1]
let monadIO.bind.L1 mx f world0 =
  match mx[3] world0[1] with
  | {0} x world1 -> (f[4] x[2]) world1[1]
let monadIO.bind.L2 mx f = @monadIO.bind.L1 mx[2] f[1]
let io.L1 f x world =
  let y = f[3] x[2] in
  $seq y[1] (Pack{0,2} y[1] world[2])
let io.L2 f x = @io.L1 f[2] x[1]
let qsort.L1 x y = $lt y[1] x[2]
let main.L1 xs =
  @foldableList.foldr.L1 (@traverse_.L1 @monadIO @print) (Pack{0,2} Pack{0,0}) (@qsort xs[1])
let main.L2 n =
  let mx = @sequence.L3 @monadIO (@replicate.L1 n[1] @input) in
  @monadIO.bind.L1 mx[1] @main.L1
