data Unit =
       | Unit
data Bool =
       | False
       | True
data Pair a b =
       | Pair a b
data Option a =
       | None
       | Some a
data Choice a b =
       | First a
       | Second b
data Eq a =
       | .Eq (a -> a -> Bool)
data Ord a =
       | .Ord (Eq a) (a -> a -> Bool) (a -> a -> Bool) (a -> a -> Bool) (a -> a -> Bool)
data Monoid m =
       | .Monoid m (m -> m -> m)
data Ring a =
       | .Ring (a -> a) (a -> a -> a) (a -> a -> a) (a -> a -> a)
data Char
data Functor f =
       | .Functor (forall a b. (a -> b) -> f a -> f b)
data Foldable t =
       | .Foldable (forall a b. (a -> b -> b) -> b -> t a -> b) (forall a b. (b -> a -> b) -> b -> t a -> b)
data List a =
       | Nil
       | Cons a (List a)
data Monad m =
       | .Monad (Functor m) (forall a. a -> m a) (forall a b. m a -> (a -> m b) -> m b)
data World
data IO a = World -> Pair a World
data RmqTree a =
       | RmqEmpty
       | RmqNode Int Int a (RmqTree a) (RmqTree a)
external abort :: forall a. a = "abort"
external lt_int :: Int -> Int -> Bool = "lt"
external le_int :: Int -> Int -> Bool = "le"
external gt_int :: Int -> Int -> Bool = "gt"
external add_int :: Int -> Int -> Int = "add"
external sub_int :: Int -> Int -> Int = "sub"
external seq :: forall a b. a -> b -> b = "seq"
external puti :: Int -> Unit = "puti"
external geti :: Unit -> Int = "geti"
functorIO :: Functor IO = .Functor @IO functorIO.map.L2
monadIO :: Monad IO =
  .Monad @IO functorIO monadIO.pure.L2 monadIO.bind.L2
print :: Int -> IO Unit = io.L2 @Int @Unit puti
input :: IO Int = coerce @(_ -> IO) (io.L1 @Unit @Int geti Unit)
nats :: List Int =
  let rec nats_from :: Int -> List Int = nats.L1 nats_from in
  nats_from 0
infinity :: Int = 1000000000
main :: IO Unit =
  coerce @(_ -> IO) (monadIO.bind.L1 @Int @Unit input main.L6)
replicate.L1 :: forall a. Int -> a -> List a =
  \@a (n :: Int) (x :: a) ->
    case le_int n 0 of
    | False -> Cons @a x (replicate.L1 @a (sub_int n 1) x)
    | True -> Nil @a
zip_with.L1 :: forall a b c. (a -> b -> c) -> List a -> List b -> List c =
  \@a @b @c (f :: a -> b -> c) (xs :: List a) (ys :: List b) ->
    case xs of
    | Nil -> Nil @c
    | Cons x xs ->
      case ys of
      | Nil -> Nil @c
      | Cons y ys -> Cons @c (f x y) (zip_with.L1 @a @b @c f xs ys)
sequence.L1 :: forall a m. Monad m -> a -> List a -> m (List a) =
  \@a @m (monad.m :: Monad m) (x :: a) (xs :: List a) ->
    (case monad.m of
     | .Monad _ pure _ -> pure)
      @(List a) (Cons @a x xs)
sequence.L2 :: forall a m. Monad m -> List (m a) -> a -> m (List a) =
  \@a @m (monad.m :: Monad m) (ms :: List (m a)) (x :: a) ->
    (case monad.m of
     | .Monad _ _ bind -> bind)
      @(List a)
      @(List a)
      (sequence.L3 @a @m monad.m ms)
      (sequence.L1 @a @m monad.m x)
sequence.L3 :: forall a m. Monad m -> List (m a) -> m (List a) =
  \@a @m (monad.m :: Monad m) (ms :: List (m a)) ->
    case ms of
    | Nil ->
      (case monad.m of
       | .Monad _ pure _ -> pure)
        @(List a) (Nil @a)
    | Cons m ms ->
      (case monad.m of
       | .Monad _ _ bind -> bind)
        @a @(List a) m (sequence.L2 @a @m monad.m ms)
functorIO.map.L1 :: forall a b. (a -> b) -> IO a -> World -> Pair b World =
  \@a @b (f :: a -> b) (mx :: IO a) (world0 :: World) ->
    case coerce @(IO -> _) mx world0 of
    | Pair x world1 -> Pair @b @World (f x) world1
functorIO.map.L2 :: forall a b. (a -> b) -> IO a -> IO b =
  \@a @b (f :: a -> b) (mx :: IO a) ->
    coerce @(_ -> IO) (functorIO.map.L1 @a @b f mx)
monadIO.pure.L2 :: forall a. a -> IO a =
  \@a (x :: a) -> coerce @(_ -> IO) (Pair @a @World x)
monadIO.bind.L1 :: forall a b. IO a -> (a -> IO b) -> World -> Pair b World =
  \@a @b (mx :: IO a) (f :: a -> IO b) (world0 :: World) ->
    case coerce @(IO -> _) mx world0 of
    | Pair x world1 -> coerce @(IO -> _) (f x) world1
monadIO.bind.L2 :: forall a b. IO a -> (a -> IO b) -> IO b =
  \@a @b (mx :: IO a) (f :: a -> IO b) ->
    coerce @(_ -> IO) (monadIO.bind.L1 @a @b mx f)
io.L1 :: forall a b. (a -> b) -> a -> World -> Pair b World =
  \@a @b (f :: a -> b) (x :: a) (world :: World) ->
    let y :: b = f x in
    seq @b @(Pair b World) y (Pair @b @World y world)
io.L2 :: forall a b. (a -> b) -> a -> IO b =
  \@a @b (f :: a -> b) (x :: a) ->
    coerce @(_ -> IO) (io.L1 @a @b f x)
nats.L1 :: (Int -> List Int) -> Int -> List Int =
  \(nats_from :: Int -> List Int) (n :: Int) ->
    Cons @Int n (nats_from (add_int n 1))
pair.L1 :: forall a. (a -> a -> a) -> List a -> List a =
  \@a (op :: a -> a -> a) (xs1 :: List a) ->
    case xs1 of
    | Nil -> Nil @a
    | Cons pm$1 pm$2 ->
      case pm$2 of
      | Nil -> xs1
      | Cons x2 xs3 -> Cons @a (op pm$1 x2) (pair.L1 @a op xs3)
single.L1 :: forall a. Int -> a -> RmqTree a =
  \@a (i :: Int) (x :: a) ->
    RmqNode @a i i x (RmqEmpty @a) (RmqEmpty @a)
combine.L1 :: forall a. (a -> a -> a) -> RmqTree a -> RmqTree a -> RmqTree a =
  \@a (op :: a -> a -> a) (t1 :: RmqTree a) (t2 :: RmqTree a) ->
    case t1 of
    | RmqEmpty -> abort @(RmqTree a)
    | RmqNode s1 _ v1 _ _ ->
      case t2 of
      | RmqEmpty -> abort @(RmqTree a)
      | RmqNode _ e2 v2 _ _ -> RmqNode @a s1 e2 (op v1 v2) t1 t2
build.L1 :: forall a. (a -> a -> a) -> (List (RmqTree a) -> RmqTree a) -> List (RmqTree a) -> RmqTree a =
  \@a (op :: a -> a -> a) (run :: List (RmqTree a) -> RmqTree a) (ts :: List (RmqTree a)) ->
    case ts of
    | Nil -> abort @(RmqTree a)
    | Cons pm$1 pm$2 ->
      case pm$2 of
      | Nil -> pm$1
      | Cons _ _ -> run (pair.L1 @(RmqTree a) (combine.L1 @a op) ts)
query.L1 :: forall a. a -> (a -> a -> a) -> Int -> Int -> (RmqTree a -> a) -> RmqTree a -> a =
  \@a (one :: a) (op :: a -> a -> a) (q_lo :: Int) (q_hi :: Int) (aux :: RmqTree a -> a) (t :: RmqTree a) ->
    case t of
    | RmqEmpty -> one
    | RmqNode t_lo t_hi value left right ->
      case let x :: Bool = lt_int q_hi t_lo in
           let y :: Bool = gt_int q_lo t_hi in
           case x of
           | False -> y
           | True -> True of
      | False ->
        case let x :: Bool = le_int q_lo t_lo in
             let y :: Bool = le_int t_hi q_hi in
             case x of
             | False -> False
             | True -> y of
        | False -> op (aux left) (aux right)
        | True -> value
      | True -> one
min.L1 :: Int -> Int -> Int =
  \(x :: Int) (y :: Int) ->
    case le_int x y of
    | False -> y
    | True -> x
main.L1 :: RmqTree Int -> Int -> Int -> IO Unit =
  \(t :: RmqTree Int) (lo :: Int) (hi :: Int) ->
    let res :: Int =
          let rec aux :: RmqTree Int -> Int =
                    query.L1 @Int infinity min.L1 lo hi aux
          in
          aux t
    in
    print res
main.L2 :: RmqTree Int -> Int -> IO Unit =
  \(t :: RmqTree Int) (lo :: Int) ->
    let f :: Int -> IO Unit = main.L1 t lo in
    coerce @(_ -> IO) (monadIO.bind.L1 @Int @Unit input f)
main.L3 :: List Unit -> IO Unit =
  \(x :: List Unit) -> coerce @(_ -> IO) (Pair @Unit @World Unit)
main.L4 :: Int -> List Int -> IO Unit =
  \(m :: Int) (xs :: List Int) ->
    let t :: RmqTree Int =
          let rec run :: List (RmqTree Int) -> RmqTree Int =
                    build.L1 @Int min.L1 run
          in
          run (zip_with.L1 @Int @Int @(RmqTree Int) (single.L1 @Int) nats xs)
    in
    let mx :: IO (List Unit) =
          let act :: IO Unit =
                let f :: Int -> IO Unit = main.L2 t in
                coerce @(_ -> IO) (monadIO.bind.L1 @Int @Unit input f)
          in
          sequence.L3 @Unit @IO monadIO (replicate.L1 @(IO Unit) m act)
    in
    coerce @(_ -> IO) (monadIO.bind.L1 @(List Unit) @Unit mx main.L3)
main.L5 :: Int -> Int -> IO Unit =
  \(n :: Int) (m :: Int) ->
    let mx :: IO (List Int) =
          sequence.L3 @Int @IO monadIO (replicate.L1 @(IO Int) n input)
    in
    let f :: List Int -> IO Unit = main.L4 m in
    coerce @(_ -> IO) (monadIO.bind.L1 @(List Int) @Unit mx f)
main.L6 :: Int -> IO Unit =
  \(n :: Int) ->
    let f :: Int -> IO Unit = main.L5 n in
    coerce @(_ -> IO) (monadIO.bind.L1 @Int @Unit input f)
================================================================================
asm abort
asm lt
asm le
asm gt
asm add
asm sub
asm seq
asm puti
asm geti
let functorIO = Pack{0,1} @functorIO.map.L2
let monadIO =
  Pack{0,3} @functorIO @monadIO.pure.L2 @monadIO.bind.L2
let print = @io.L2 $puti
let input = @io.L1 $geti Pack{0,0}
let nats =
  let rec nats_from = @nats.L1 nats_from[1] in
  nats_from[1] 0
let infinity = 1000000000
let main = @monadIO.bind.L1 @input @main.L6
let replicate.L1 n x =
  match $le n[2] 0 with
  | {0} -> Pack{1,2} x[1] (@replicate.L1 ($sub n[2] 1) x[1])
  | {1} -> Pack{0,0}
let zip_with.L1 f xs ys =
  match xs[2] with
  | {0} -> Pack{0,0}
  | {1} x xs ->
    match ys[3] with
    | {0} -> Pack{0,0}
    | {1} y ys ->
      Pack{1,2} (f[7] x[4] y[2]) (@zip_with.L1 f[7] xs[3] ys[1])
let sequence.L1 monad.m x xs =
  (match monad.m[3] with
   | {0} _ pure _ -> pure[2]) (Pack{1,2} x[2] xs[1])
let sequence.L2 monad.m ms x =
  (match monad.m[3] with
   | {0} _ _ bind ->
     bind[1]) (@sequence.L3 monad.m[3] ms[2]) (@sequence.L1 monad.m[3] x[1])
let sequence.L3 monad.m ms =
  match ms[1] with
  | {0} ->
    (match monad.m[2] with
     | {0} _ pure _ -> pure[2]) Pack{0,0}
  | {1} m ms ->
    (match monad.m[4] with
     | {0} _ _ bind -> bind[1]) m[2] (@sequence.L2 monad.m[4] ms[1])
let functorIO.map.L1 f mx world0 =
  match mx[2] world0[1] with
  | {0} x world1 -> Pack{0,2} (f[5] x[2]) world1[1]
let functorIO.map.L2 f mx = @functorIO.map.L1 f[2] mx[1]
let monadIO.pure.L2 x = Pack{0,2} x[1]
let monadIO.bind.L1 mx f world0 =
  match mx[3] world0[1] with
  | {0} x world1 -> (f[4] x[2]) world1[1]
let monadIO.bind.L2 mx f = @monadIO.bind.L1 mx[2] f[1]
let io.L1 f x world =
  let y = f[3] x[2] in
  $seq y[1] (Pack{0,2} y[1] world[2])
let io.L2 f x = @io.L1 f[2] x[1]
let nats.L1 nats_from n =
  Pack{1,2} n[1] (nats_from[2] ($add n[1] 1))
let pair.L1 op xs1 =
  match xs1[1] with
  | {0} -> Pack{0,0}
  | {1} pm$1 pm$2 ->
    match pm$2[1] with
    | {0} -> xs1[3]
    | {1} x2 xs3 ->
      Pack{1,2} (op[6] pm$1[4] x2[2]) (@pair.L1 op[6] xs3[1])
let single.L1 i x = Pack{1,5} i[2] i[2] x[1] Pack{0,0} Pack{0,0}
let combine.L1 op t1 t2 =
  match t1[2] with
  | {0} -> $abort
  | {1} s1 _ v1 _ _ ->
    match t2[6] with
    | {0} -> $abort
    | {1} _ e2 v2 _ _ ->
      Pack{1,5} s1[10] e2[4] (op[13] v1[8] v2[3]) t1[12] t2[11]
let build.L1 op run ts =
  match ts[1] with
  | {0} -> $abort
  | {1} pm$1 pm$2 ->
    match pm$2[1] with
    | {0} -> pm$1[2]
    | {1} _ _ -> run[6] (@pair.L1 (@combine.L1 op[7]) ts[5])
let query.L1 one op q_lo q_hi aux t =
  match t[1] with
  | {0} -> one[6]
  | {1} t_lo t_hi value left right ->
    match let x = $lt q_hi[8] t_lo[5] in
          let y = $gt q_lo[10] t_hi[5] in
          match x[2] with
          | {0} -> y[1]
          | {1} -> Pack{1,0} with
    | {0} ->
      match let x = $le q_lo[9] t_lo[5] in
            let y = $le t_hi[5] q_hi[9] in
            match x[2] with
            | {0} -> Pack{0,0}
            | {1} -> y[1] with
      | {0} -> op[10] (aux[7] left[2]) (aux[7] right[1])
      | {1} -> value[3]
    | {1} -> one[11]
let min.L1 x y =
  match $le x[2] y[1] with
  | {0} -> y[1]
  | {1} -> x[2]
let main.L1 t lo hi =
  let res =
        let rec aux = @query.L1 @infinity @min.L1 lo[3] hi[2] aux[1] in
        aux[1] t[4]
  in
  @print res[1]
let main.L2 t lo =
  let f = @main.L1 t[2] lo[1] in
  @monadIO.bind.L1 @input f[1]
let main.L3 x = Pack{0,2} Pack{0,0}
let main.L4 m xs =
  let t =
        let rec run = @build.L1 @min.L1 run[1] in
        run[1] (@zip_with.L1 @single.L1 @nats xs[2])
  in
  let mx =
        let act =
              let f = @main.L2 t[1] in
              @monadIO.bind.L1 @input f[1]
        in
        @sequence.L3 @monadIO (@replicate.L1 m[4] act[1])
  in
  @monadIO.bind.L1 mx[1] @main.L3
let main.L5 n m =
  let mx = @sequence.L3 @monadIO (@replicate.L1 n[2] @input) in
  let f = @main.L4 m[2] in
  @monadIO.bind.L1 mx[2] f[1]
let main.L6 n =
  let f = @main.L5 n[1] in
  @monadIO.bind.L1 @input f[1]
