data Unit =
       | Unit
data Bool =
       | False
       | True
data Pair a b =
       | Pair a b
data Option a =
       | None
       | Some a
data Choice a b =
       | First a
       | Second b
data Eq a =
       | .Eq (a -> a -> Bool)
data Ord a =
       | .Ord (Eq a) (a -> a -> Bool) (a -> a -> Bool) (a -> a -> Bool) (a -> a -> Bool)
data Monoid m =
       | .Monoid m (m -> m -> m)
data Ring a =
       | .Ring (a -> a) (a -> a -> a) (a -> a -> a) (a -> a -> a)
data Char
data Functor f =
       | .Functor (forall a b. (a -> b) -> f a -> f b)
data Foldable t =
       | .Foldable (forall a b. (a -> b -> b) -> b -> t a -> b) (forall a b. (b -> a -> b) -> b -> t a -> b)
data List a =
       | Nil
       | Cons a (List a)
data Monad m =
       | .Monad (Functor m) (forall a. a -> m a) (forall a b. m a -> (a -> m b) -> m b)
data World
data IO a = World -> Pair a World
external seq :: forall a b. a -> b -> b = "seq"
external puti :: Int -> Unit = "puti"
external geti :: Unit -> Int = "geti"
print :: Int -> IO Unit = io.L2 @Int @Unit puti
input :: IO Int = coerce @(_ -> IO) (io.L1 @Unit @Int geti Unit)
main :: IO Unit =
  coerce @(_ -> IO) (monadIO.bind.L1 @Int @Unit input main.L2)
semi.L1 :: forall a m. m a -> Unit -> m a =
  \@a @m (m2 :: m a) (x :: Unit) -> m2
monadIO.bind.L1 :: forall a b. IO a -> (a -> IO b) -> World -> Pair b World =
  \@a @b (mx :: IO a) (f :: a -> IO b) (world0 :: World) ->
    case coerce @(IO -> _) mx world0 of
    | Pair x world1 -> coerce @(IO -> _) (f x) world1
io.L1 :: forall a b. (a -> b) -> a -> World -> Pair b World =
  \@a @b (f :: a -> b) (x :: a) (world :: World) ->
    let y :: b = f x in
    seq @b @(Pair b World) y (Pair @b @World y world)
io.L2 :: forall a b. (a -> b) -> a -> IO b =
  \@a @b (f :: a -> b) (x :: a) ->
    coerce @(_ -> IO) (io.L1 @a @b f x)
main.L1 :: Int -> Int -> IO Unit =
  \(x :: Int) (y :: Int) ->
    let p :: Pair Int Int = Pair @Int @Int x y in
    let m1 :: IO Unit =
          print
            (case p of
             | Pair x _ -> x)
    in
    let m2 :: IO Unit =
          print
            (case p of
             | Pair _ y -> y)
    in
    let f :: Unit -> IO Unit = semi.L1 @Unit @IO m2 in
    coerce @(_ -> IO) (monadIO.bind.L1 @Unit @Unit m1 f)
main.L2 :: Int -> IO Unit =
  \(x :: Int) ->
    let f :: Int -> IO Unit = main.L1 x in
    coerce @(_ -> IO) (monadIO.bind.L1 @Int @Unit input f)
================================================================================
asm seq
asm puti
asm geti
let print = @io.L2 $puti
let input = @io.L1 $geti Pack{0,0}
let main = @monadIO.bind.L1 @input @main.L2
let semi.L1 m2 x = m2[2]
let monadIO.bind.L1 mx f world0 =
  match mx[3] world0[1] with
  | {0} x world1 -> (f[4] x[2]) world1[1]
let io.L1 f x world =
  let y = f[3] x[2] in
  $seq y[1] (Pack{0,2} y[1] world[2])
let io.L2 f x = @io.L1 f[2] x[1]
let main.L1 x y =
  let p = Pack{0,2} x[2] y[1] in
  let m1 =
        @print (match p[1] with
                | {0} x _ -> x[2])
  in
  let m2 =
        @print (match p[2] with
                | {0} _ y -> y[1])
  in
  let f = @semi.L1 m2[1] in
  @monadIO.bind.L1 m1[3] f[1]
let main.L2 x =
  let f = @main.L1 x[1] in
  @monadIO.bind.L1 @input f[1]
